#0 building with "desktop-linux" instance using docker driver

#1 [internal] load build definition from Dockerfile
#1 transferring dockerfile: 3.19kB done
#1 DONE 0.0s

#2 [internal] load metadata for docker.io/library/python:3.13-slim
#2 DONE 0.3s

#3 [internal] load .dockerignore
#3 transferring context: 2B done
#3 DONE 0.0s

#4 [builder 1/8] FROM docker.io/library/python:3.13-slim@sha256:9d2e5553305c7c7b0097999bb17187c69b921ccd6bc9d40e4bb5ebe652c00285
#4 resolve docker.io/library/python:3.13-slim@sha256:9d2e5553305c7c7b0097999bb17187c69b921ccd6bc9d40e4bb5ebe652c00285 done
#4 DONE 0.0s

#5 [internal] load build context
#5 transferring context: 401.63kB 0.0s done
#5 DONE 0.0s

#6 [builder 2/8] RUN pip install --no-cache-dir "uv>=0.5,<0.9"
#6 CACHED

#7 [builder 3/8] WORKDIR /build
#7 CACHED

#8 [builder 4/8] COPY pyproject.toml uv.lock ./
#8 CACHED

#9 [builder 5/8] RUN uv sync --frozen --no-dev --no-install-project --no-editable
#9 CACHED

#10 [builder 6/8] COPY src ./src
#10 DONE 0.1s

#11 [builder 7/8] COPY README.md alembic.ini ./
#11 DONE 0.0s

#12 [builder 8/8] RUN uv sync --frozen --no-dev --no-editable
#12 0.330    Building fintracker @ file:///build
#12 13.77       Built fintracker @ file:///build
#12 13.78 Prepared 1 package in 13.44s
#12 13.79 Installed 1 package in 9ms
#12 14.12 Bytecode compiled 2283 files in 335ms
#12 14.12  + fintracker==0.1.0 (from file:///build)
#12 DONE 14.2s

#13 [runtime 2/5] RUN useradd --system --create-home --uid 10001 fintracker
#13 CACHED

#14 [runtime 3/5] COPY --from=builder /opt/venv /opt/venv
#14 DONE 0.5s

#15 [runtime 4/5] RUN mkdir -p /var/lib/fintracker/objects /var/lib/fintracker/security-log     && chown -R fintracker:fintracker /var/lib/fintracker
#15 DONE 0.1s

#16 [runtime 5/5] WORKDIR /app
#16 DONE 0.0s

#17 exporting to image
#17 exporting layers
#17 exporting layers 2.9s done
#17 exporting manifest sha256:ff179ce674178de2e13f91fb39b94efdfa125dd0955457ba41df290fab3c1d4a done
#17 exporting config sha256:d862a031e8f72eb36bff5ccaa1b80e23142aa3e80e491143b608634d6c73a4dc done
#17 exporting attestation manifest sha256:2578baad21c47659f7eb609f069f0a5b00d8ae045434c73c3261095b3586172c done
#17 exporting manifest list sha256:167d5dba877127b826464af1cef9fee9b5e6320d9d019f71ceaafbe705dae6e1 done
#17 naming to docker.io/library/fintracker:audit-5646887 done
#17 unpacking to docker.io/library/fintracker:audit-5646887
#17 unpacking to docker.io/library/fintracker:audit-5646887 0.6s done
#17 DONE 3.7s
