 Container fintracker-polling-1  Stopping
 Container fintracker-api-1  Stopping
 Container fintracker-worker-1  Stopping
 Container fintracker-scheduler-1  Stopping
 Container fintracker-api-1  Stopped
 Container fintracker-worker-1  Stopped
 Container fintracker-scheduler-1  Stopped
 Container fintracker-polling-1  Stopped
Snapshot saved to ../backups/20260920T100823Z. Off-server replication is not configured.
 Container fintracker-postgres-1  Waiting
 Container fintracker-postgres-1  Waiting
 Container fintracker-postgres-1  Waiting
 Container fintracker-postgres-1  Waiting
 Container fintracker-postgres-1  Healthy
 Container fintracker-api-1  Starting
 Container fintracker-postgres-1  Healthy
 Container fintracker-scheduler-1  Starting
 Container fintracker-postgres-1  Healthy
 Container fintracker-polling-1  Starting
 Container fintracker-postgres-1  Healthy
 Container fintracker-worker-1  Starting
 Container fintracker-api-1  Started
 Container fintracker-polling-1  Started
 Container fintracker-worker-1  Started
 Container fintracker-scheduler-1  Started
 Container fintracker-polling-1  Stopping
 Container fintracker-api-1  Stopping
 Container fintracker-worker-1  Stopping
 Container fintracker-scheduler-1  Stopping
 Container fintracker-worker-1  Stopped
 Container fintracker-polling-1  Stopped
 Container fintracker-api-1  Stopped
 Container fintracker-scheduler-1  Stopped
{"status": "already_repaired"}
 Container fintracker-postgres-1  Running
 Container fintracker-scheduler-1  Recreate
 Container fintracker-polling-1  Recreate
 Container fintracker-api-1  Recreate
 Container fintracker-worker-1  Recreate
 Container fintracker-api-1  Recreated
 Container fintracker-polling-1  Recreated
 Container fintracker-worker-1  Recreated
 Container fintracker-scheduler-1  Recreated
 Container fintracker-postgres-1  Waiting
 Container fintracker-postgres-1  Waiting
 Container fintracker-postgres-1  Waiting
 Container fintracker-postgres-1  Waiting
 Container fintracker-postgres-1  Healthy
 Container fintracker-api-1  Starting
 Container fintracker-postgres-1  Healthy
 Container fintracker-scheduler-1  Starting
 Container fintracker-postgres-1  Healthy
 Container fintracker-worker-1  Starting
 Container fintracker-postgres-1  Healthy
 Container fintracker-polling-1  Starting
 Container fintracker-scheduler-1  Started
 Container fintracker-worker-1  Started
 Container fintracker-api-1  Started
 Container fintracker-polling-1  Started
 Container fintracker-postgres-1  Waiting
 Container fintracker-api-1  Waiting
 Container fintracker-worker-1  Waiting
 Container fintracker-scheduler-1  Waiting
 Container fintracker-polling-1  Waiting
 Container fintracker-postgres-1  Healthy
 Container fintracker-scheduler-1  Healthy
 Container fintracker-api-1  Healthy
 Container fintracker-polling-1  Healthy
 Container fintracker-worker-1  Healthy
{"ready":true,"database":true,"schema_current":true,"schema_revision":"0018_history_query","storage_writable":true,"integrations":{"ai":false,"asr":false,"telegram":true},"detail":null}