FFFFFFFFFFFFFF                                                           [100%]
=================================== FAILURES ===================================
___________________ test_actual_worker_routes_accepted_start ___________________
tests/integration/test_deep_audit_v2.py:43: in test_actual_worker_routes_accepted_start
    assert sender.sent and state=="processed",f"No reply, state={state}; supported Update lost"
E   AssertionError: No reply, state=ignored; supported Update lost
E   assert ([])
E    +  where [] = RecordingSender(sent=[], fail_for_chats=set(), blocked_chats=set(), unknown_chats=set(), _next_id=1).sent
----------------------------- Captured stdout call -----------------------------
2026-09-13 19:42:02 [info     ] inbound_accepted               correlation_id=80ee96e3e21e47d69b895cbc824075bb event_type=message has_workspace=True update_id=101
________________ test_actual_scheduler_discovers_active_budgets ________________
tests/integration/test_deep_audit_v2.py:53: in test_actual_scheduler_discovers_active_budgets
    assert "open_next_period" in jobs and "payment_reminders" in jobs,f"Active workspace jobs: {jobs}"
E   AssertionError: Active workspace jobs: []
E   assert ('open_next_period' in [])
______ test_ai_latency_within_provider_timeout_does_not_kill_transaction _______
/Users/Bayramov_N/Desktop/Other/financial-tracker/.venv/lib/python3.13/site-packages/sqlalchemy/engine/base.py:1969: in _exec_single_context
    self.dialect.do_execute(
/Users/Bayramov_N/Desktop/Other/financial-tracker/.venv/lib/python3.13/site-packages/sqlalchemy/engine/default.py:952: in do_execute
    cursor.execute(statement, parameters)
/Users/Bayramov_N/Desktop/Other/financial-tracker/.venv/lib/python3.13/site-packages/sqlalchemy/dialects/postgresql/psycopg.py:642: in execute
    result = self.await_(self._cursor.execute(query, params, **kw))
             ^^^^^^^^^^^^^^^^^^^^^^^^^^^^^^^^^^^^^^^^^^^^^^^^^^^^^^
/Users/Bayramov_N/Desktop/Other/financial-tracker/.venv/lib/python3.13/site-packages/sqlalchemy/util/_concurrency_py3k.py:132: in await_only
    return current.parent.switch(awaitable)  # type: ignore[no-any-return,attr-defined] # noqa: E501
           ^^^^^^^^^^^^^^^^^^^^^^^^^^^^^^^^
/Users/Bayramov_N/Desktop/Other/financial-tracker/.venv/lib/python3.13/site-packages/sqlalchemy/util/_concurrency_py3k.py:196: in greenlet_spawn
    value = await result
            ^^^^^^^^^^^^
/Users/Bayramov_N/Desktop/Other/financial-tracker/.venv/lib/python3.13/site-packages/psycopg/cursor_async.py:117: in execute
    raise ex.with_traceback(None)
E   psycopg.errors.IdleInTransactionSessionTimeout: terminating connection due to idle-in-transaction timeout

The above exception was the direct cause of the following exception:
tests/integration/test_deep_audit_v2.py:66: in test_ai_latency_within_provider_timeout_does_not_kill_transaction
    replies=await record_free_text(configured,actor=f.actor,workspace=f.workspace,
/var/folders/gp/36jzrv8s3nv8hhml14b9k9740000gq/T/fintracker-audit-3vy71x2l/src/fintracker/application/conversation/service.py:408: in record_free_text
    draft, candidates = await create_draft_with_candidates(
/var/folders/gp/36jzrv8s3nv8hhml14b9k9740000gq/T/fintracker-audit-3vy71x2l/src/fintracker/application/conversation/entry.py:475: in create_draft_with_candidates
    await session.flush()
/Users/Bayramov_N/Desktop/Other/financial-tracker/.venv/lib/python3.13/site-packages/sqlalchemy/ext/asyncio/session.py:786: in flush
    await greenlet_spawn(self.sync_session.flush, objects=objects)
/Users/Bayramov_N/Desktop/Other/financial-tracker/.venv/lib/python3.13/site-packages/sqlalchemy/util/_concurrency_py3k.py:203: in greenlet_spawn
    result = context.switch(value)
             ^^^^^^^^^^^^^^^^^^^^^
/Users/Bayramov_N/Desktop/Other/financial-tracker/.venv/lib/python3.13/site-packages/sqlalchemy/orm/session.py:4353: in flush
    self._flush(objects)
/Users/Bayramov_N/Desktop/Other/financial-tracker/.venv/lib/python3.13/site-packages/sqlalchemy/orm/session.py:4488: in _flush
    with util.safe_reraise():
         ^^^^^^^^^^^^^^^^^^^
/Users/Bayramov_N/Desktop/Other/financial-tracker/.venv/lib/python3.13/site-packages/sqlalchemy/util/langhelpers.py:122: in __exit__
    raise exc_value.with_traceback(exc_tb)
/Users/Bayramov_N/Desktop/Other/financial-tracker/.venv/lib/python3.13/site-packages/sqlalchemy/orm/session.py:4449: in _flush
    flush_context.execute()
/Users/Bayramov_N/Desktop/Other/financial-tracker/.venv/lib/python3.13/site-packages/sqlalchemy/orm/unitofwork.py:465: in execute
    rec.execute(self)
/Users/Bayramov_N/Desktop/Other/financial-tracker/.venv/lib/python3.13/site-packages/sqlalchemy/orm/unitofwork.py:641: in execute
    util.preloaded.orm_persistence.save_obj(
/Users/Bayramov_N/Desktop/Other/financial-tracker/.venv/lib/python3.13/site-packages/sqlalchemy/orm/persistence.py:94: in save_obj
    _emit_insert_statements(
/Users/Bayramov_N/Desktop/Other/financial-tracker/.venv/lib/python3.13/site-packages/sqlalchemy/orm/persistence.py:1234: in _emit_insert_statements
    result = connection.execute(
/Users/Bayramov_N/Desktop/Other/financial-tracker/.venv/lib/python3.13/site-packages/sqlalchemy/engine/base.py:1421: in execute
    return meth(
/Users/Bayramov_N/Desktop/Other/financial-tracker/.venv/lib/python3.13/site-packages/sqlalchemy/sql/elements.py:526: in _execute_on_connection
    return connection._execute_clauseelement(
/Users/Bayramov_N/Desktop/Other/financial-tracker/.venv/lib/python3.13/site-packages/sqlalchemy/engine/base.py:1643: in _execute_clauseelement
    ret = self._execute_context(
/Users/Bayramov_N/Desktop/Other/financial-tracker/.venv/lib/python3.13/site-packages/sqlalchemy/engine/base.py:1848: in _execute_context
    return self._exec_single_context(
/Users/Bayramov_N/Desktop/Other/financial-tracker/.venv/lib/python3.13/site-packages/sqlalchemy/engine/base.py:1988: in _exec_single_context
    self._handle_dbapi_exception(
/Users/Bayramov_N/Desktop/Other/financial-tracker/.venv/lib/python3.13/site-packages/sqlalchemy/engine/base.py:2365: in _handle_dbapi_exception
    raise sqlalchemy_exception.with_traceback(exc_info[2]) from e
/Users/Bayramov_N/Desktop/Other/financial-tracker/.venv/lib/python3.13/site-packages/sqlalchemy/engine/base.py:1969: in _exec_single_context
    self.dialect.do_execute(
/Users/Bayramov_N/Desktop/Other/financial-tracker/.venv/lib/python3.13/site-packages/sqlalchemy/engine/default.py:952: in do_execute
    cursor.execute(statement, parameters)
/Users/Bayramov_N/Desktop/Other/financial-tracker/.venv/lib/python3.13/site-packages/sqlalchemy/dialects/postgresql/psycopg.py:642: in execute
    result = self.await_(self._cursor.execute(query, params, **kw))
             ^^^^^^^^^^^^^^^^^^^^^^^^^^^^^^^^^^^^^^^^^^^^^^^^^^^^^^
/Users/Bayramov_N/Desktop/Other/financial-tracker/.venv/lib/python3.13/site-packages/sqlalchemy/util/_concurrency_py3k.py:132: in await_only
    return current.parent.switch(awaitable)  # type: ignore[no-any-return,attr-defined] # noqa: E501
           ^^^^^^^^^^^^^^^^^^^^^^^^^^^^^^^^
/Users/Bayramov_N/Desktop/Other/financial-tracker/.venv/lib/python3.13/site-packages/sqlalchemy/util/_concurrency_py3k.py:196: in greenlet_spawn
    value = await result
            ^^^^^^^^^^^^
/Users/Bayramov_N/Desktop/Other/financial-tracker/.venv/lib/python3.13/site-packages/psycopg/cursor_async.py:117: in execute
    raise ex.with_traceback(None)
E   sqlalchemy.exc.InternalError: (psycopg.errors.IdleInTransactionSessionTimeout) terminating connection due to idle-in-transaction timeout
E   [SQL: INSERT INTO drafts (id, workspace_id, owner_user_id, owner_membership_generation, logical_message_id, source_kind, state, raw_text, transcript, source_fingerprint, expires_at, delete_raw_after, failure_reason) VALUES (%(id)s::UUID, %(workspace_id)s::UUID, %(owner_user_id)s::UUID, %(owner_membership_generation)s::UUID, %(logical_message_id)s::UUID, %(source_kind)s::VARCHAR, %(state)s::VARCHAR, %(raw_text)s::VARCHAR, %(transcript)s::VARCHAR, %(source_fingerprint)s::VARCHAR, %(expires_at)s::TIMESTAMP WITH TIME ZONE, %(delete_raw_after)s::TIMESTAMP WITH TIME ZONE, %(failure_reason)s::VARCHAR) RETURNING drafts.version, drafts.created_at, drafts.updated_at]
E   [parameters: {'id': UUID('1979efd9-961f-4b5c-9c27-b39e506d2256'), 'workspace_id': UUID('1819a893-54ab-4b56-98a6-f250099fd462'), 'owner_user_id': UUID('e65542c4-7c84-42ed-9a23-478c638df0f9'), 'owner_membership_generation': UUID('c74ba855-51cb-44ed-8ef3-3cd665e0c182'), 'logical_message_id': None, 'source_kind': 'text', 'state': 'ready', 'raw_text': 'продукты 450', 'transcript': None, 'source_fingerprint': None, 'expires_at': datetime.datetime(2026, 9, 20, 12, 42, 13, 593994, tzinfo=datetime.timezone.utc), 'delete_raw_after': datetime.datetime(2026, 9, 20, 12, 42, 13, 593994, tzinfo=datetime.timezone.utc), 'failure_reason': None}]
E   (Background on this error at: https://sqlalche.me/e/20/2j85)
______________________ test_downstream_retry_no_duplicate ______________________
tests/integration/test_deep_audit_v2.py:74: in test_downstream_retry_no_duplicate
    await initial.test_audit_restart_after_post_does_not_duplicate(owner_session,test_settings)
tests/integration/test_deep_audit.py:72: in test_audit_restart_after_post_does_not_duplicate
    assert await tx_count(test_settings,f)==1, "Same inbound event created two financial transactions"
E   AssertionError: Same inbound event created two financial transactions
E   assert 2 == 1
----------------------------- Captured stdout call -----------------------------
2026-09-13 19:42:13 [info     ] inbound_accepted               correlation_id=e5f9e04d755c401891932d5921c853c4 event_type=message has_workspace=True update_id=101
2026-09-13 19:42:14 [info     ] inbound_processed              delivered=True event_id=b7fcdb81-3586-4163-8187-4df4406380fd processed_at=2026-09-13T12:42:14.200041+00:00 replies=1
___________________ test_downstream_stale_lease_cannot_post ____________________
tests/integration/test_deep_audit_v2.py:77: in test_downstream_stale_lease_cannot_post
    await initial.test_audit_stale_lease_cannot_post(owner_session,test_settings)
tests/integration/test_deep_audit.py:84: in test_audit_stale_lease_cannot_post
    assert await tx_count(test_settings,f)==0, "Worker posted money before checking its lost lease"
E   AssertionError: Worker posted money before checking its lost lease
E   assert 1 == 0
----------------------------- Captured stdout call -----------------------------
2026-09-13 19:42:14 [info     ] inbound_accepted               correlation_id=4606ef6507de49ecaaa82115c7be4ca7 event_type=message has_workspace=True update_id=101
2026-09-13 19:42:14 [warning  ] lease_expired_skip_result      job_id=9c9e5835-f913-4711-a150-e1cdf2a09cbd
___________________ test_downstream_failed_reply_is_retried ____________________
tests/integration/test_deep_audit_v2.py:80: in test_downstream_failed_reply_is_retried
    await initial.test_audit_failed_immediate_reply_remains_retryable(owner_session,test_settings)
tests/integration/test_deep_audit.py:97: in test_audit_failed_immediate_reply_remains_retryable
    assert state!="processed", "Failed reply was acknowledged as processed and will never be retried"
E   AssertionError: Failed reply was acknowledged as processed and will never be retried
E   assert 'processed' != 'processed'
----------------------------- Captured stdout call -----------------------------
2026-09-13 19:42:14 [info     ] inbound_accepted               correlation_id=1bc0c0b40cc74b638935183f506381b7 event_type=message has_workspace=True update_id=101
2026-09-13 19:42:14 [warning  ] reply_send_failed              error='temporary failure' event_id=43a0e261-82d6-47da-9073-36e847dd96d7
2026-09-13 19:42:14 [info     ] inbound_processed              delivered=False event_id=43a0e261-82d6-47da-9073-36e847dd96d7 processed_at=2026-09-13T12:42:14.799473+00:00 replies=1
_______________________ test_downstream_group_is_private _______________________
tests/integration/test_deep_audit_v2.py:83: in test_downstream_group_is_private
    await initial.test_audit_group_message_does_not_disclose_private_budgets(owner_session,test_settings)
tests/integration/test_deep_audit.py:110: in test_audit_group_message_does_not_disclose_private_budgets
    assert not exposed, "Private budget name was sent to all members of an unrelated Telegram group"
E   AssertionError: Private budget name was sent to all members of an unrelated Telegram group
E   assert not [{'buttons': [[{'callback_data': 'wiz:start', 'text': 'Создать бюджет'}, {'callback_data': 'join:start', 'text': 'Прис...юджеты'}]], 'chat_id': -100987654321, 'text': 'С возвращением! Ваши бюджеты:\n• Тестовый бюджет (admin, ID 29F916E9)'}]
----------------------------- Captured stdout call -----------------------------
2026-09-13 19:42:15 [info     ] inbound_accepted               correlation_id=4543d76ff3924535b687d768a5364c37 event_type=message has_workspace=True update_id=101
2026-09-13 19:42:15 [info     ] inbound_processed              delivered=True event_id=70b9bb85-ae28-4042-904a-0cbfc7f9b3a0 processed_at=2026-09-13T12:42:15.068044+00:00 replies=1
____________________ test_edit_versions_accept_third_update ____________________
tests/integration/test_deep_audit_v2.py:86: in test_edit_versions_accept_third_update
    await initial.test_audit_multiple_edits_are_accepted(owner_session,test_settings)
tests/integration/test_deep_audit.py:118: in test_audit_multiple_edits_are_accepted
    accepted=await accept_telegram_update(test_settings,incoming(f,"продукты 700",update_id=203,message_id=99,edited=True))
             ^^^^^^^^^^^^^^^^^^^^^^^^^^^^^^^^^^^^^^^^^^^^^^^^^^^^^^^^^^^^^^^^^^^^^^^^^^^^^^^^^^^^^^^^^^^^^^^^^^^^^^^^^^^^^^
/var/folders/gp/36jzrv8s3nv8hhml14b9k9740000gq/T/fintracker-audit-3vy71x2l/src/fintracker/application/ingestion/accept_update.py:268: in accept_telegram_update
    await session.execute(
/Users/Bayramov_N/Desktop/Other/financial-tracker/.venv/lib/python3.13/site-packages/sqlalchemy/ext/asyncio/session.py:448: in execute
    result = await greenlet_spawn(
/Users/Bayramov_N/Desktop/Other/financial-tracker/.venv/lib/python3.13/site-packages/sqlalchemy/util/_concurrency_py3k.py:190: in greenlet_spawn
    result = context.switch(*args, **kwargs)
             ^^^^^^^^^^^^^^^^^^^^^^^^^^^^^^^
/Users/Bayramov_N/Desktop/Other/financial-tracker/.venv/lib/python3.13/site-packages/sqlalchemy/orm/session.py:2373: in execute
    return self._execute_internal(
/Users/Bayramov_N/Desktop/Other/financial-tracker/.venv/lib/python3.13/site-packages/sqlalchemy/orm/session.py:2261: in _execute_internal
    conn = self._connection_for_bind(bind)
           ^^^^^^^^^^^^^^^^^^^^^^^^^^^^^^^
/Users/Bayramov_N/Desktop/Other/financial-tracker/.venv/lib/python3.13/site-packages/sqlalchemy/orm/session.py:2108: in _connection_for_bind
    TransactionalContext._trans_ctx_check(self)
/Users/Bayramov_N/Desktop/Other/financial-tracker/.venv/lib/python3.13/site-packages/sqlalchemy/engine/util.py:111: in _trans_ctx_check
    raise exc.InvalidRequestError(
E   sqlalchemy.exc.InvalidRequestError: Can't operate on closed transaction inside context manager.  Please complete the context manager before emitting further commands.
----------------------------- Captured stdout call -----------------------------
2026-09-13 19:42:15 [info     ] inbound_accepted               correlation_id=c0a0b4cb187d4c1190e75101edb6f11a event_type=message has_workspace=True update_id=201
2026-09-13 19:42:15 [info     ] inbound_accepted               correlation_id=5b59a7d5cab346839ff2050699b11846 event_type=edited_message has_workspace=True update_id=202
_________________ test_transfer_semantics_survive_confirmation _________________
tests/integration/test_deep_audit_v2.py:89: in test_transfer_semantics_survive_confirmation
    await initial.test_audit_transfer_is_not_converted_into_expense(owner_session,test_settings)
tests/integration/test_deep_audit.py:135: in test_audit_transfer_is_not_converted_into_expense
    assert "expense" not in kinds, "Confirmed transfer is stored as an expense"
E   AssertionError: Confirmed transfer is stored as an expense
E   assert 'expense' not in ['expense']
_____________________ test_import_export_actions[exp:xlsx] _____________________
tests/integration/test_deep_audit_v2.py:93: in test_import_export_actions
    await initial.test_audit_export_import_buttons_are_wired(owner_session,test_settings,button)
tests/integration/test_deep_audit.py:142: in test_audit_export_import_buttons_are_wired
    assert not any("Кнопка устарела" in r.text for r in replies), f"{button} displayed by menu but has no handler"
E   AssertionError: exp:xlsx displayed by menu but has no handler
E   assert not True
E    +  where True = any(<generator object test_audit_export_import_buttons_are_wired.<locals>.<genexpr> at 0x10fa40d40>)
_____________________ test_import_export_actions[exp:csv] ______________________
tests/integration/test_deep_audit_v2.py:93: in test_import_export_actions
    await initial.test_audit_export_import_buttons_are_wired(owner_session,test_settings,button)
tests/integration/test_deep_audit.py:142: in test_audit_export_import_buttons_are_wired
    assert not any("Кнопка устарела" in r.text for r in replies), f"{button} displayed by menu but has no handler"
E   AssertionError: exp:csv displayed by menu but has no handler
E   assert not True
E    +  where True = any(<generator object test_audit_export_import_buttons_are_wired.<locals>.<genexpr> at 0x10e7782b0>)
____________________ test_import_export_actions[imp:start] _____________________
tests/integration/test_deep_audit_v2.py:93: in test_import_export_actions
    await initial.test_audit_export_import_buttons_are_wired(owner_session,test_settings,button)
tests/integration/test_deep_audit.py:142: in test_audit_export_import_buttons_are_wired
    assert not any("Кнопка устарела" in r.text for r in replies), f"{button} displayed by menu but has no handler"
E   AssertionError: imp:start displayed by menu but has no handler
E   assert not True
E    +  where True = any(<generator object test_audit_export_import_buttons_are_wired.<locals>.<genexpr> at 0x10f9bd150>)
________________________ test_expired_lease_is_invalid _________________________
tests/integration/test_deep_audit_v2.py:96: in test_expired_lease_is_invalid
    await initial.test_audit_expired_lease_is_invalid_without_reclaim(owner_session,test_settings)
tests/integration/test_deep_audit.py:151: in test_audit_expired_lease_is_invalid_without_reclaim
    assert not valid, "Expired lease accepted before any other worker reclaims it"
E   AssertionError: Expired lease accepted before any other worker reclaims it
E   assert not True
----------------------------- Captured stdout call -----------------------------
2026-09-13 19:42:16 [info     ] inbound_accepted               correlation_id=9e78f78b958141c0bfb9102f222cbeda event_type=message has_workspace=True update_id=101
_______________ test_removed_member_cannot_finish_inflight_write _______________
tests/integration/test_deep_audit_v2.py:119: in test_removed_member_cannot_finish_inflight_write
    assert n==0,"Removed member writes after SecurityChange completed using stale ActorContext"
E   AssertionError: Removed member writes after SecurityChange completed using stale ActorContext
E   assert 1 == 0
----------------------------- Captured stdout call -----------------------------
2026-09-13 19:42:16 [info     ] security_change_completed      acl_revision=2 kind=member_remove operation_id=7453394f-160c-4a66-96f9-267fe556b877
- generated xml file: /Users/Bayramov_N/Desktop/Other/financial-tracker/.planning/audits/2026-09-13/repros-v2-junit.xml -
=========================== short test summary info ============================
FAILED tests/integration/test_deep_audit_v2.py::test_actual_worker_routes_accepted_start
FAILED tests/integration/test_deep_audit_v2.py::test_actual_scheduler_discovers_active_budgets
FAILED tests/integration/test_deep_audit_v2.py::test_ai_latency_within_provider_timeout_does_not_kill_transaction
FAILED tests/integration/test_deep_audit_v2.py::test_downstream_retry_no_duplicate
FAILED tests/integration/test_deep_audit_v2.py::test_downstream_stale_lease_cannot_post
FAILED tests/integration/test_deep_audit_v2.py::test_downstream_failed_reply_is_retried
FAILED tests/integration/test_deep_audit_v2.py::test_downstream_group_is_private
FAILED tests/integration/test_deep_audit_v2.py::test_edit_versions_accept_third_update
FAILED tests/integration/test_deep_audit_v2.py::test_transfer_semantics_survive_confirmation
FAILED tests/integration/test_deep_audit_v2.py::test_import_export_actions[exp:xlsx]
FAILED tests/integration/test_deep_audit_v2.py::test_import_export_actions[exp:csv]
FAILED tests/integration/test_deep_audit_v2.py::test_import_export_actions[imp:start]
FAILED tests/integration/test_deep_audit_v2.py::test_expired_lease_is_invalid
FAILED tests/integration/test_deep_audit_v2.py::test_removed_member_cannot_finish_inflight_write
14 failed in 16.40s
