FFFFFFFFFFFFFFF                                                          [100%]
=================================== FAILURES ===================================
________ test_refund_of_foreign_share_keeps_effect_after_revision[note] ________
.planning/audits/2026-09-15-recheck-4796dc8/test_followups.py:96: in test_refund_of_foreign_share_keeps_effect_after_revision
    assert actual.outstanding_minor == expected, (action, actual.outstanding_minor, expected)
E   AssertionError: ('note', 150000, 100000)
E   assert 150000 == 100000
E    +  where 150000 = <fintracker.db.models.ledger.Receivable object at 0x10a55afd0>.outstanding_minor
______ test_refund_of_foreign_share_keeps_effect_after_revision[restore] _______
.planning/audits/2026-09-15-recheck-4796dc8/test_followups.py:96: in test_refund_of_foreign_share_keeps_effect_after_revision
    assert actual.outstanding_minor == expected, (action, actual.outstanding_minor, expected)
E   AssertionError: ('restore', 150000, 100000)
E   assert 150000 == 100000
E    +  where 150000 = <fintracker.db.models.ledger.Receivable object at 0x10a78df50>.outstanding_minor
_______ test_refund_of_foreign_share_keeps_effect_after_revision[resize] _______
.planning/audits/2026-09-15-recheck-4796dc8/test_followups.py:96: in test_refund_of_foreign_share_keeps_effect_after_revision
    assert actual.outstanding_minor == expected, (action, actual.outstanding_minor, expected)
E   AssertionError: ('resize', 150000, 120000)
E   assert 150000 == 120000
E    +  where 150000 = <fintracker.db.models.ledger.Receivable object at 0x10aa2ac10>.outstanding_minor
___________ test_removed_share_does_not_block_later_correction[note] ___________
.planning/audits/2026-09-15-recheck-4796dc8/test_followups.py:116: in test_removed_share_does_not_block_later_correction
    await revise_transaction(session, uow, actor=fixture.actor,
src/fintracker/application/ledger/service.py:988: in revise_transaction
    await _guard_receivable_origin_change(
src/fintracker/application/ledger/service.py:642: in _guard_receivable_origin_change
    raise ConflictError(
E   fintracker.core.errors.ConflictError: По этой покупке уже получено возмещение: сначала отмените возмещение или согласуйте изменение связанных записей
___________ test_removed_share_does_not_block_later_correction[void] ___________
.planning/audits/2026-09-15-recheck-4796dc8/test_followups.py:120: in test_removed_share_does_not_block_later_correction
    await void_transaction(session, uow, actor=fixture.actor,
src/fintracker/application/ledger/service.py:1233: in void_transaction
    await _guard_linked_settlements(
src/fintracker/application/ledger/service.py:597: in _guard_linked_settlements
    raise ConflictError(
E   fintracker.core.errors.ConflictError: По этой покупке уже получено возмещение: сначала отмените возмещение или согласуйте изменение связанных записей
_____ test_same_human_reason_does_not_deduplicate_distinct_goal_movements ______
.planning/audits/2026-09-15-recheck-4796dc8/test_followups.py:133: in test_same_human_reason_does_not_deduplicate_distinct_goal_movements
    assert goal.allocated_minor == 30000, goal.allocated_minor
E   AssertionError: 10000
E   assert 10000 == 30000
E    +  where 10000 = <fintracker.db.models.commitments.Goal object at 0x10a2ad7f0>.allocated_minor
________________ test_domain_rejection_preserves_pending_amount ________________
.planning/audits/2026-09-15-recheck-4796dc8/test_followups.py:149: in test_domain_rejection_preserves_pending_amount
    assert len(pending) == 1 and pending[0].kind == "goal_use", user.text()
E   AssertionError: Использование превышает выделенный остаток цели
E   assert (0 == 1)
E    +  where 0 = len([])
----------------------------- Captured stdout call -----------------------------
2026-09-15 01:00:06 [info     ] security_change_completed      acl_revision=2 kind=workspace_create operation_id=22a9f789-5ecc-4ad8-85da-e831e128e497
_________ test_goal_retry_after_pending_cleanup_keeps_original_command _________
.planning/audits/2026-09-15-recheck-4796dc8/test_followups.py:174: in test_goal_retry_after_pending_cleanup_keeps_original_command
    assert drafts == [], ([r.text for r in replies], [(row.state, row.raw_text) for row in drafts])
E   AssertionError: (['Проверьте запись перед сохранением:
E     5\xa0000,00\xa0₽ · без описания · 15 сентября 2026'], [('ready', '5000')])
E   assert [<fintracker.... 0x10a63e710>] == []
E     
E     Left contains one more item: <fintracker.db.models.platform.Draft object at 0x10a63e710>
E     Use -v to get more diff
----------------------------- Captured stdout call -----------------------------
2026-09-15 01:00:06 [info     ] security_change_completed      acl_revision=2 kind=workspace_create operation_id=1e1837dc-5b48-4cd8-92b0-4f4f70640265
_______ test_signed_goal_amount_with_leading_words_is_not_reinterpreted ________
.planning/audits/2026-09-15-recheck-4796dc8/test_followups.py:187: in test_signed_goal_amount_with_leading_words_is_not_reinterpreted
    assert actual.allocated_minor == 500000, (actual.allocated_minor, [r.text for r in replies])
E   AssertionError: (490000, ['По цели использовано: 100,00\xa0₽.'])
E   assert 490000 == 500000
E    +  where 490000 = <fintracker.db.models.commitments.Goal object at 0x10aff5b80>.allocated_minor
__________ test_expired_history_query_does_not_silently_remove_filter __________
.planning/audits/2026-09-15-recheck-4796dc8/test_followups.py:203: in test_expired_history_query_does_not_silently_remove_filter
    assert "из 1" not in output, output
E   AssertionError: Фильтры: без ограничений · по дате операции
E     Записи 1–1 из 1:
E     12 сентября — 100,00 ₽ · Продукты
E   assert 'из 1' not in 'Фильтры: бе...₽ · Продукты'
E     
E     'из 1' is contained here:
E       аписи 1–1 из 1:
E     ?           ++++
E       12 сентября — 100,00 ₽ · Продукты
__________________ test_purge_removes_full_history_query_text __________________
.planning/audits/2026-09-15-recheck-4796dc8/test_followups.py:217: in test_purge_removes_full_history_query_text
    assert remaining == [], remaining
E   AssertionError: ['Частный медицинский платёж 90000']
E   assert ['Частный мед...платёж 90000'] == []
E     
E     Left contains one more item: 'Частный медицинский платёж 90000'
E     Use -v to get more diff
_____________ test_period_retry_does_not_invalidate_unchanged_plan _____________
.planning/audits/2026-09-15-recheck-4796dc8/test_followups.py:234: in test_period_retry_does_not_invalidate_unchanged_plan
    assert before == after, (before, after)
E   AssertionError: ((2, 2), (3, 3))
E   assert (2, 2) == (3, 3)
E     
E     At index 0 diff: 2 != 3
E     Use -v to get more diff
----------------------------- Captured stdout call -----------------------------
2026-09-15 01:00:08 [info     ] periods_opened                 count=2 until=2026-09-15 workspace_id=c3a68883-b6b5-42c8-bb0c-aea401199245
2026-09-15 01:00:08 [info     ] periods_opened                 count=1 until=2026-09-15 workspace_id=c3a68883-b6b5-42c8-bb0c-aea401199245
______________ test_terminal_deletion_notification_reaches_member ______________
.planning/audits/2026-09-15-recheck-4796dc8/test_followups.py:262: in test_terminal_deletion_notification_reaches_member
    assert any(item["chat_id"] == member.telegram_user_id for item in recorded_sender.sent), recorded_sender.sent
E   AssertionError: []
E   assert False
E    +  where False = any(<generator object test_terminal_deletion_notification_reaches_member.<locals>.<genexpr> at 0x10b4546c0>)
----------------------------- Captured stdout call -----------------------------
2026-09-15 01:00:08 [info     ] security_change_completed      acl_revision=2 kind=workspace_delete operation_id=8c4cbf4b-b8e1-44ba-b844-2d6d374bd23d
2026-09-15 01:00:08 [info     ] workspace_deleted              workspace_id=0cf8b625-000b-44d9-b922-87aebed43ce6
2026-09-15 01:00:08 [info     ] delivery_retry_scheduled       available_at=2026-09-14T18:00:08.280864+00:00 event_id=03fde84a-f142-4cb4-a062-d22f1c49afb7
_____________ test_render_time_revocation_keeps_delivery_cancelled _____________
.planning/audits/2026-09-15-recheck-4796dc8/test_followups.py:294: in test_render_time_revocation_keeps_delivery_cancelled
    assert actual.state == "cancelled", actual.state
E   AssertionError: pending
E   assert 'pending' == 'cancelled'
E     
E     - cancelled
E     + pending
----------------------------- Captured stdout call -----------------------------
2026-09-15 01:00:08 [info     ] security_change_completed      acl_revision=2 kind=member_remove operation_id=50c72432-1343-49f9-8748-6948b2edf24b
______ test_journal_retry_does_not_hold_workspace_lock_during_storage_io _______
.planning/audits/2026-09-15-recheck-4796dc8/test_followups.py:330: in test_journal_retry_does_not_hold_workspace_lock_during_storage_io
    assert locked_during_io == [], "Journal storage read holds the workspace row lock"
E   AssertionError: Journal storage read holds the workspace row lock
E   assert [True, True] == []
E     
E     Left contains 2 more items, first extra item: True
E     Use -v to get more diff
----------------------------- Captured stdout call -----------------------------
2026-09-15 01:00:08 [info     ] security_change_completed      acl_revision=2 kind=workspace_create operation_id=ae176a84-8f35-46ee-aa37-ed7cf12e1196
2026-09-15 01:00:08 [info     ] security_change_completed      acl_revision=3 kind=member_remove operation_id=7a349fb7-9f19-49a2-b65e-6d1439c92f5f
- generated xml file: /Users/Bayramov_N/Desktop/Other/financial-tracker/.planning/audits/2026-09-15-recheck-4796dc8/followups.xml -
=========================== short test summary info ============================
FAILED .planning/audits/2026-09-15-recheck-4796dc8/test_followups.py::test_refund_of_foreign_share_keeps_effect_after_revision[note]
FAILED .planning/audits/2026-09-15-recheck-4796dc8/test_followups.py::test_refund_of_foreign_share_keeps_effect_after_revision[restore]
FAILED .planning/audits/2026-09-15-recheck-4796dc8/test_followups.py::test_refund_of_foreign_share_keeps_effect_after_revision[resize]
FAILED .planning/audits/2026-09-15-recheck-4796dc8/test_followups.py::test_removed_share_does_not_block_later_correction[note]
FAILED .planning/audits/2026-09-15-recheck-4796dc8/test_followups.py::test_removed_share_does_not_block_later_correction[void]
FAILED .planning/audits/2026-09-15-recheck-4796dc8/test_followups.py::test_same_human_reason_does_not_deduplicate_distinct_goal_movements
FAILED .planning/audits/2026-09-15-recheck-4796dc8/test_followups.py::test_domain_rejection_preserves_pending_amount
FAILED .planning/audits/2026-09-15-recheck-4796dc8/test_followups.py::test_goal_retry_after_pending_cleanup_keeps_original_command
FAILED .planning/audits/2026-09-15-recheck-4796dc8/test_followups.py::test_signed_goal_amount_with_leading_words_is_not_reinterpreted
FAILED .planning/audits/2026-09-15-recheck-4796dc8/test_followups.py::test_expired_history_query_does_not_silently_remove_filter
FAILED .planning/audits/2026-09-15-recheck-4796dc8/test_followups.py::test_purge_removes_full_history_query_text
FAILED .planning/audits/2026-09-15-recheck-4796dc8/test_followups.py::test_period_retry_does_not_invalidate_unchanged_plan
FAILED .planning/audits/2026-09-15-recheck-4796dc8/test_followups.py::test_terminal_deletion_notification_reaches_member
FAILED .planning/audits/2026-09-15-recheck-4796dc8/test_followups.py::test_render_time_revocation_keeps_delivery_cancelled
FAILED .planning/audits/2026-09-15-recheck-4796dc8/test_followups.py::test_journal_retry_does_not_hold_workspace_lock_during_storage_io
15 failed in 6.26s
