.....................FFF.FFFFFFFF                                        [100%]
=================================== FAILURES ===================================
_________________ test_lease_lost_during_command_cannot_commit _________________
tests/integration/test_recheck_adversarial.py:55: in test_lease_lost_during_command_cannot_commit
    assert await tx_count(test_settings, f) == 0, "Old worker committed money after losing its lease during processing"
E   AssertionError: Old worker committed money after losing its lease during processing
E   assert 1 == 0
----------------------------- Captured stdout call -----------------------------
2026-09-13 21:42:57 [info     ] inbound_accepted               correlation_id=7b4c6be82bf74146abfaf09de2cf4a16 event_type=message has_workspace=True update_id=101
2026-09-13 21:42:57 [warning  ] lease_expired_skip_result      job_id=fb4ce3b6-fe6c-4ed3-95fb-b9325e5f2e32
_______________ test_same_event_concurrently_creates_one_expense _______________
tests/integration/test_recheck_adversarial.py:81: in test_same_event_concurrently_creates_one_expense
    assert await tx_count(test_settings, f) == 1, "Two executions of one inbound event created two expenses"
E   AssertionError: Two executions of one inbound event created two expenses
E   assert 2 == 1
----------------------------- Captured stdout call -----------------------------
2026-09-13 21:42:57 [info     ] inbound_accepted               correlation_id=e5ac450870fc4f709e68f2846c1579bb event_type=message has_workspace=True update_id=101
_______________ test_edited_message_does_not_add_second_expense ________________
tests/integration/test_recheck_adversarial.py:95: in test_edited_message_does_not_add_second_expense
    assert await tx_count(test_settings, f) == 1, "Editing one Telegram message adds a new expense instead of correcting or requesting confirmation"
E   AssertionError: Editing one Telegram message adds a new expense instead of correcting or requesting confirmation
E   assert 2 == 1
----------------------------- Captured stdout call -----------------------------
2026-09-13 21:42:57 [info     ] inbound_accepted               correlation_id=e84911ac56af4692a503f201f0ca452c event_type=message has_workspace=True update_id=501
2026-09-13 21:42:58 [info     ] inbound_processed              event_id=7481ac9e-00df-45a8-a79a-20689b7b087c processed_at=2026-09-13T14:42:58.076913+00:00 replies=1
2026-09-13 21:42:58 [info     ] inbound_accepted               correlation_id=9eec580045a4460399d2a5fab09e7574 event_type=edited_message has_workspace=True update_id=502
2026-09-13 21:42:58 [info     ] inbound_processed              event_id=aa57b1dc-4bd8-4377-805f-05d958522b31 processed_at=2026-09-13T14:42:58.232193+00:00 replies=1
_________________ test_new_budget_has_default_weekly_analysis __________________
tests/integration/test_recheck_adversarial.py:122: in test_new_budget_has_default_weekly_analysis
    assert any(item.run_kind == "weekly_review" for item in due), "No analysis: transient AnalysisPreference has None server defaults"
E   AssertionError: No analysis: transient AnalysisPreference has None server defaults
E   assert False
E    +  where False = any(<generator object test_new_budget_has_default_weekly_analysis.<locals>.<genexpr> at 0x10b035700>)
______________ test_background_slow_ai_does_not_break_transaction ______________
/var/folders/gp/36jzrv8s3nv8hhml14b9k9740000gq/T/fintracker-recheck-probes-av69g7lc/.venv/lib/python3.13/site-packages/sqlalchemy/engine/base.py:1969: in _exec_single_context
    self.dialect.do_execute(
/var/folders/gp/36jzrv8s3nv8hhml14b9k9740000gq/T/fintracker-recheck-probes-av69g7lc/.venv/lib/python3.13/site-packages/sqlalchemy/engine/default.py:952: in do_execute
    cursor.execute(statement, parameters)
/var/folders/gp/36jzrv8s3nv8hhml14b9k9740000gq/T/fintracker-recheck-probes-av69g7lc/.venv/lib/python3.13/site-packages/sqlalchemy/dialects/postgresql/psycopg.py:642: in execute
    result = self.await_(self._cursor.execute(query, params, **kw))
             ^^^^^^^^^^^^^^^^^^^^^^^^^^^^^^^^^^^^^^^^^^^^^^^^^^^^^^
/var/folders/gp/36jzrv8s3nv8hhml14b9k9740000gq/T/fintracker-recheck-probes-av69g7lc/.venv/lib/python3.13/site-packages/sqlalchemy/util/_concurrency_py3k.py:132: in await_only
    return current.parent.switch(awaitable)  # type: ignore[no-any-return,attr-defined] # noqa: E501
           ^^^^^^^^^^^^^^^^^^^^^^^^^^^^^^^^
/var/folders/gp/36jzrv8s3nv8hhml14b9k9740000gq/T/fintracker-recheck-probes-av69g7lc/.venv/lib/python3.13/site-packages/sqlalchemy/util/_concurrency_py3k.py:196: in greenlet_spawn
    value = await result
            ^^^^^^^^^^^^
/var/folders/gp/36jzrv8s3nv8hhml14b9k9740000gq/T/fintracker-recheck-probes-av69g7lc/.venv/lib/python3.13/site-packages/psycopg/cursor_async.py:117: in execute
    raise ex.with_traceback(None)
E   psycopg.errors.IdleInTransactionSessionTimeout: terminating connection due to idle-in-transaction timeout

The above exception was the direct cause of the following exception:
tests/integration/test_recheck_adversarial.py:146: in test_background_slow_ai_does_not_break_transaction
    await handle_run_analysis(configured, jobs[0])
/var/folders/gp/36jzrv8s3nv8hhml14b9k9740000gq/T/fintracker-recheck-probes-av69g7lc/src/fintracker/application/intelligence/schedule.py:198: in handle_run_analysis
    outcome = await run_analysis(
/var/folders/gp/36jzrv8s3nv8hhml14b9k9740000gq/T/fintracker-recheck-probes-av69g7lc/src/fintracker/application/intelligence/analysis.py:526: in run_analysis
    await uow.emit(
/var/folders/gp/36jzrv8s3nv8hhml14b9k9740000gq/T/fintracker-recheck-probes-av69g7lc/src/fintracker/db/uow.py:209: in emit
    await self.session.execute(
/var/folders/gp/36jzrv8s3nv8hhml14b9k9740000gq/T/fintracker-recheck-probes-av69g7lc/.venv/lib/python3.13/site-packages/sqlalchemy/ext/asyncio/session.py:448: in execute
    result = await greenlet_spawn(
/var/folders/gp/36jzrv8s3nv8hhml14b9k9740000gq/T/fintracker-recheck-probes-av69g7lc/.venv/lib/python3.13/site-packages/sqlalchemy/util/_concurrency_py3k.py:203: in greenlet_spawn
    result = context.switch(value)
             ^^^^^^^^^^^^^^^^^^^^^
/var/folders/gp/36jzrv8s3nv8hhml14b9k9740000gq/T/fintracker-recheck-probes-av69g7lc/.venv/lib/python3.13/site-packages/sqlalchemy/orm/session.py:2373: in execute
    return self._execute_internal(
/var/folders/gp/36jzrv8s3nv8hhml14b9k9740000gq/T/fintracker-recheck-probes-av69g7lc/.venv/lib/python3.13/site-packages/sqlalchemy/orm/session.py:2271: in _execute_internal
    result: Result[Any] = compile_state_cls.orm_execute_statement(
/var/folders/gp/36jzrv8s3nv8hhml14b9k9740000gq/T/fintracker-recheck-probes-av69g7lc/.venv/lib/python3.13/site-packages/sqlalchemy/orm/bulk_persistence.py:1676: in orm_execute_statement
    return super().orm_execute_statement(
/var/folders/gp/36jzrv8s3nv8hhml14b9k9740000gq/T/fintracker-recheck-probes-av69g7lc/.venv/lib/python3.13/site-packages/sqlalchemy/orm/context.py:306: in orm_execute_statement
    result = conn.execute(
/var/folders/gp/36jzrv8s3nv8hhml14b9k9740000gq/T/fintracker-recheck-probes-av69g7lc/.venv/lib/python3.13/site-packages/sqlalchemy/engine/base.py:1421: in execute
    return meth(
/var/folders/gp/36jzrv8s3nv8hhml14b9k9740000gq/T/fintracker-recheck-probes-av69g7lc/.venv/lib/python3.13/site-packages/sqlalchemy/sql/elements.py:526: in _execute_on_connection
    return connection._execute_clauseelement(
/var/folders/gp/36jzrv8s3nv8hhml14b9k9740000gq/T/fintracker-recheck-probes-av69g7lc/.venv/lib/python3.13/site-packages/sqlalchemy/engine/base.py:1643: in _execute_clauseelement
    ret = self._execute_context(
/var/folders/gp/36jzrv8s3nv8hhml14b9k9740000gq/T/fintracker-recheck-probes-av69g7lc/.venv/lib/python3.13/site-packages/sqlalchemy/engine/base.py:1848: in _execute_context
    return self._exec_single_context(
/var/folders/gp/36jzrv8s3nv8hhml14b9k9740000gq/T/fintracker-recheck-probes-av69g7lc/.venv/lib/python3.13/site-packages/sqlalchemy/engine/base.py:1988: in _exec_single_context
    self._handle_dbapi_exception(
/var/folders/gp/36jzrv8s3nv8hhml14b9k9740000gq/T/fintracker-recheck-probes-av69g7lc/.venv/lib/python3.13/site-packages/sqlalchemy/engine/base.py:2365: in _handle_dbapi_exception
    raise sqlalchemy_exception.with_traceback(exc_info[2]) from e
/var/folders/gp/36jzrv8s3nv8hhml14b9k9740000gq/T/fintracker-recheck-probes-av69g7lc/.venv/lib/python3.13/site-packages/sqlalchemy/engine/base.py:1969: in _exec_single_context
    self.dialect.do_execute(
/var/folders/gp/36jzrv8s3nv8hhml14b9k9740000gq/T/fintracker-recheck-probes-av69g7lc/.venv/lib/python3.13/site-packages/sqlalchemy/engine/default.py:952: in do_execute
    cursor.execute(statement, parameters)
/var/folders/gp/36jzrv8s3nv8hhml14b9k9740000gq/T/fintracker-recheck-probes-av69g7lc/.venv/lib/python3.13/site-packages/sqlalchemy/dialects/postgresql/psycopg.py:642: in execute
    result = self.await_(self._cursor.execute(query, params, **kw))
             ^^^^^^^^^^^^^^^^^^^^^^^^^^^^^^^^^^^^^^^^^^^^^^^^^^^^^^
/var/folders/gp/36jzrv8s3nv8hhml14b9k9740000gq/T/fintracker-recheck-probes-av69g7lc/.venv/lib/python3.13/site-packages/sqlalchemy/util/_concurrency_py3k.py:132: in await_only
    return current.parent.switch(awaitable)  # type: ignore[no-any-return,attr-defined] # noqa: E501
           ^^^^^^^^^^^^^^^^^^^^^^^^^^^^^^^^
/var/folders/gp/36jzrv8s3nv8hhml14b9k9740000gq/T/fintracker-recheck-probes-av69g7lc/.venv/lib/python3.13/site-packages/sqlalchemy/util/_concurrency_py3k.py:196: in greenlet_spawn
    value = await result
            ^^^^^^^^^^^^
/var/folders/gp/36jzrv8s3nv8hhml14b9k9740000gq/T/fintracker-recheck-probes-av69g7lc/.venv/lib/python3.13/site-packages/psycopg/cursor_async.py:117: in execute
    raise ex.with_traceback(None)
E   sqlalchemy.exc.InternalError: (psycopg.errors.IdleInTransactionSessionTimeout) terminating connection due to idle-in-transaction timeout
E   [SQL: UPDATE workspaces SET event_seq=(workspaces.event_seq + %(event_seq_1)s::BIGINT) WHERE workspaces.id = %(id_1)s::UUID RETURNING workspaces.event_seq]
E   [parameters: {'event_seq_1': 1, 'id_1': UUID('f6e68de8-de18-4966-808c-1e7b4584472e')}]
E   (Background on this error at: https://sqlalche.me/e/20/2j85)
_____________ test_deferred_reply_is_not_sent_after_member_removal _____________
tests/integration/test_recheck_adversarial.py:175: in test_deferred_reply_is_not_sent_after_member_removal
    assert not delivered.sent, "Deferred private financial history delivered after completed membership revocation"
E   AssertionError: Deferred private financial history delivered after completed membership revocation
E   assert not [{'buttons': [[{'callback_data': 'tx:open:eb25dfeb51c64e49', 'text': 'Запись 1'}], [{'callback_data': 'hist:filters:-:..., 'text': 'Фильтры: без ограничений · по дате операции\nЗаписи 1–1 из 1:\n12 сентября — 98\xa0765,00\xa0₽ · Продукты'}]
E    +  where [{'buttons': [[{'callback_data': 'tx:open:eb25dfeb51c64e49', 'text': 'Запись 1'}], [{'callback_data': 'hist:filters:-:..., 'text': 'Фильтры: без ограничений · по дате операции\nЗаписи 1–1 из 1:\n12 сентября — 98\xa0765,00\xa0₽ · Продукты'}] = RecordingSender(sent=[{'chat_id': 880099991, 'text': 'Фильтры: без ограничений · по дате операции\nЗаписи 1–1 из 1:\n1...back_data': 'menu:main'}]]}], documents=[], fail_for_chats=set(), blocked_chats=set(), unknown_chats=set(), _next_id=2).sent
----------------------------- Captured stdout call -----------------------------
2026-09-13 21:43:10 [info     ] inbound_accepted               correlation_id=ad2db42eeaea45c09629651202d0fbf8 event_type=message has_workspace=True update_id=101
2026-09-13 21:43:10 [warning  ] reply_immediate_failed         chat_id=880099991 error='temporary failure'
2026-09-13 21:43:10 [warning  ] reply_deferred_to_delivery_job event_id=79e63bfc-22b5-440d-ba8d-e2a7c701ef8d
2026-09-13 21:43:10 [info     ] inbound_processed              event_id=79e63bfc-22b5-440d-ba8d-e2a7c701ef8d processed_at=2026-09-13T14:43:10.492853+00:00 replies=1
2026-09-13 21:43:10 [info     ] security_change_completed      acl_revision=2 kind=member_remove operation_id=c79d5a3c-00ea-41e4-81e1-7e811842469d
________________ test_runtime_retention_deletes_expired_receipt ________________
tests/integration/test_recheck_adversarial.py:199: in test_runtime_retention_deletes_expired_receipt
    assert row is None or row.state == "deleted", "Global retention still cannot see expired receipt under RLS"
E   AssertionError: Global retention still cannot see expired receipt under RLS
E   assert (<fintracker.db.models.platform.Attachment object at 0x10a17f390> is None or 'ready' == 'deleted'
E     
E     - deleted
E     + ready)
___________________ test_budget_purge_also_removes_receipts ____________________
tests/integration/test_recheck_adversarial.py:216: in test_budget_purge_also_removes_receipts
    assert row is None or row.state == "deleted", "Workspace marked purged while receipt metadata/object remain"
E   AssertionError: Workspace marked purged while receipt metadata/object remain
E   assert (<fintracker.db.models.platform.Attachment object at 0x10aa8bbb0> is None or 'ready' == 'deleted'
E     
E     - deleted
E     + ready)
----------------------------- Captured stdout call -----------------------------
2026-09-13 21:43:11 [info     ] security_change_completed      acl_revision=2 kind=workspace_delete operation_id=45108bc6-2926-44fd-9bd3-abe1bfd64f8e
2026-09-13 21:43:11 [info     ] workspace_deleted              workspace_id=83cb265e-91f6-4135-b125-ae9fc32fb12d
2026-09-13 21:43:11 [info     ] workspace_purged               removed_rows=20 workspace_id=83cb265e-91f6-4135-b125-ae9fc32fb12d
2026-09-13 21:43:11 [info     ] retention_sweep                attachments=0 draft_sources=0 expired_drafts=0 exports=0 finished_jobs=0 inbound_payloads=0 purged_workspaces=1 staging_attachments=0 stale_deliveries=0
_________________ test_restore_replays_deleted_workspace_state _________________
tests/integration/test_recheck_adversarial.py:229: in test_restore_replays_deleted_workspace_state
    assert row.state in ("deleting", "deleted"), "Committed deletion state is omitted from ACL replay"
E   AssertionError: Committed deletion state is omitted from ACL replay
E   assert 'active' in ('deleting', 'deleted')
E    +  where 'active' = <fintracker.db.models.access.Workspace object at 0x10adbfd50>.state
----------------------------- Captured stdout call -----------------------------
2026-09-13 21:43:11 [info     ] security_change_completed      acl_revision=2 kind=workspace_delete operation_id=02581aca-9a7d-4e77-99d1-c1e16c675696
2026-09-13 21:43:11 [info     ] workspace_deleted              workspace_id=5d56c24f-cac8-4a65-8967-2d71b302a7cd
2026-09-13 21:43:11 [warning  ] restored_acl_replayed          database_revision=2 journal_revision=2 workspace_id=5d56c24f-cac8-4a65-8967-2d71b302a7cd
______________ test_rejected_security_change_does_not_leave_fence ______________
tests/integration/test_recheck_adversarial.py:239: in test_rejected_security_change_does_not_leave_fence
    assert fence is None, "Expected command rejection still leaves SecurityChange fenced outside delete precheck"
E   AssertionError: Expected command rejection still leaves SecurityChange fenced outside delete precheck
E   assert UUID('f107ef91-cb30-4d04-96fe-62190cb332f5') is None
_____________________ test_expired_lease_cannot_be_renewed _____________________
tests/integration/test_recheck_adversarial.py:248: in test_expired_lease_cannot_be_renewed
    assert not await queue.renew_lease(test_settings, job), "Expired lease is renewed without checking its deadline"
E   AssertionError: Expired lease is renewed without checking its deadline
E   assert not True
----------------------------- Captured stdout call -----------------------------
2026-09-13 21:43:11 [info     ] inbound_accepted               correlation_id=9ec4a76bad79498cbb96a35e7d6ccd0f event_type=message has_workspace=True update_id=101
- generated xml file: /Users/Bayramov_N/Desktop/Other/financial-tracker/.planning/audits/2026-09-13-recheck-a63cxl89/recheck-junit.xml -
=========================== short test summary info ============================
FAILED tests/integration/test_recheck_adversarial.py::test_lease_lost_during_command_cannot_commit
FAILED tests/integration/test_recheck_adversarial.py::test_same_event_concurrently_creates_one_expense
FAILED tests/integration/test_recheck_adversarial.py::test_edited_message_does_not_add_second_expense
FAILED tests/integration/test_recheck_adversarial.py::test_new_budget_has_default_weekly_analysis
FAILED tests/integration/test_recheck_adversarial.py::test_background_slow_ai_does_not_break_transaction
FAILED tests/integration/test_recheck_adversarial.py::test_deferred_reply_is_not_sent_after_member_removal
FAILED tests/integration/test_recheck_adversarial.py::test_runtime_retention_deletes_expired_receipt
FAILED tests/integration/test_recheck_adversarial.py::test_budget_purge_also_removes_receipts
FAILED tests/integration/test_recheck_adversarial.py::test_restore_replays_deleted_workspace_state
FAILED tests/integration/test_recheck_adversarial.py::test_rejected_security_change_does_not_leave_fence
FAILED tests/integration/test_recheck_adversarial.py::test_expired_lease_cannot_be_renewed
11 failed, 22 passed in 34.02s
