.....................FFFFFFFFFFFFFFF                                     [100%]
=================================== FAILURES ===================================
_________________ test_lease_lost_during_command_cannot_commit _________________
tests/integration/test_recheck_adversarial.py:55: in test_lease_lost_during_command_cannot_commit
    assert await tx_count(test_settings, f) == 0, "Old worker committed money after losing its lease during processing"
E   AssertionError: Old worker committed money after losing its lease during processing
E   assert 1 == 0
----------------------------- Captured stdout call -----------------------------
2026-09-13 21:47:54 [info     ] inbound_accepted               correlation_id=b9b81ee97d8c4edf8a2f92d0219cfc81 event_type=message has_workspace=True update_id=101
2026-09-13 21:47:55 [warning  ] lease_expired_skip_result      job_id=bd76bf35-ae78-49c3-a52d-a2568548007c
_______________ test_same_event_concurrently_creates_one_expense _______________
tests/integration/test_recheck_adversarial.py:81: in test_same_event_concurrently_creates_one_expense
    assert await tx_count(test_settings, f) == 1, "Two executions of one inbound event created two expenses"
E   AssertionError: Two executions of one inbound event created two expenses
E   assert 2 == 1
----------------------------- Captured stdout call -----------------------------
2026-09-13 21:47:55 [info     ] inbound_accepted               correlation_id=1dfa6edb97144b17b078bbc36caf4450 event_type=message has_workspace=True update_id=101
_______________ test_edited_message_does_not_add_second_expense ________________
tests/integration/test_recheck_adversarial.py:95: in test_edited_message_does_not_add_second_expense
    assert await tx_count(test_settings, f) == 1, "Editing one Telegram message adds a new expense instead of correcting or requesting confirmation"
E   AssertionError: Editing one Telegram message adds a new expense instead of correcting or requesting confirmation
E   assert 2 == 1
----------------------------- Captured stdout call -----------------------------
2026-09-13 21:47:55 [info     ] inbound_accepted               correlation_id=0b25d49d9a0e47b7bd744e815bd015e0 event_type=message has_workspace=True update_id=501
2026-09-13 21:47:55 [info     ] inbound_processed              event_id=c2ad6d69-5660-44cd-bc98-93485de02c26 processed_at=2026-09-13T14:47:55.871723+00:00 replies=1
2026-09-13 21:47:55 [info     ] inbound_accepted               correlation_id=f3e81efafff84b81abe71ccc647a7ffa event_type=edited_message has_workspace=True update_id=502
2026-09-13 21:47:56 [info     ] inbound_processed              event_id=1ac97d1f-09cf-4777-9025-713ed1108b28 processed_at=2026-09-13T14:47:56.033420+00:00 replies=1
_______________ test_restoring_old_refund_cannot_exceed_purchase _______________
tests/integration/test_recheck_adversarial.py:120: in test_restoring_old_refund_cannot_exceed_purchase
    assert int(actual_refunds or 0) <= 100000, "Restoring an earlier refund permits 2000 RUB of actual refunds for a 1000 RUB purchase"
E   AssertionError: Restoring an earlier refund permits 2000 RUB of actual refunds for a 1000 RUB purchase
E   assert 200000 <= 100000
E    +  where 200000 = int((Decimal('200000')))
_________________ test_new_budget_has_default_weekly_analysis __________________
tests/integration/test_recheck_adversarial.py:128: in test_new_budget_has_default_weekly_analysis
    assert any(item.run_kind == "weekly_review" for item in due), "No analysis: transient AnalysisPreference has None server defaults"
E   AssertionError: No analysis: transient AnalysisPreference has None server defaults
E   assert False
E    +  where False = any(<generator object test_new_budget_has_default_weekly_analysis.<locals>.<genexpr> at 0x10de4d970>)
______________ test_background_slow_ai_does_not_break_transaction ______________
/var/folders/gp/36jzrv8s3nv8hhml14b9k9740000gq/T/fintracker-recheck-probes-av69g7lc/.venv/lib/python3.13/site-packages/sqlalchemy/engine/base.py:1969: in _exec_single_context
    self.dialect.do_execute(
/var/folders/gp/36jzrv8s3nv8hhml14b9k9740000gq/T/fintracker-recheck-probes-av69g7lc/.venv/lib/python3.13/site-packages/sqlalchemy/engine/default.py:952: in do_execute
    cursor.execute(statement, parameters)
/var/folders/gp/36jzrv8s3nv8hhml14b9k9740000gq/T/fintracker-recheck-probes-av69g7lc/.venv/lib/python3.13/site-packages/sqlalchemy/dialects/postgresql/psycopg.py:642: in execute
    result = self.await_(self._cursor.execute(query, params, **kw))
             ^^^^^^^^^^^^^^^^^^^^^^^^^^^^^^^^^^^^^^^^^^^^^^^^^^^^^^
/var/folders/gp/36jzrv8s3nv8hhml14b9k9740000gq/T/fintracker-recheck-probes-av69g7lc/.venv/lib/python3.13/site-packages/sqlalchemy/util/_concurrency_py3k.py:132: in await_only
    return current.parent.switch(awaitable)  # type: ignore[no-any-return,attr-defined] # noqa: E501
           ^^^^^^^^^^^^^^^^^^^^^^^^^^^^^^^^
/var/folders/gp/36jzrv8s3nv8hhml14b9k9740000gq/T/fintracker-recheck-probes-av69g7lc/.venv/lib/python3.13/site-packages/sqlalchemy/util/_concurrency_py3k.py:196: in greenlet_spawn
    value = await result
            ^^^^^^^^^^^^
/var/folders/gp/36jzrv8s3nv8hhml14b9k9740000gq/T/fintracker-recheck-probes-av69g7lc/.venv/lib/python3.13/site-packages/psycopg/cursor_async.py:117: in execute
    raise ex.with_traceback(None)
E   psycopg.errors.IdleInTransactionSessionTimeout: terminating connection due to idle-in-transaction timeout

The above exception was the direct cause of the following exception:
tests/integration/test_recheck_adversarial.py:152: in test_background_slow_ai_does_not_break_transaction
    await handle_run_analysis(configured, jobs[0])
/var/folders/gp/36jzrv8s3nv8hhml14b9k9740000gq/T/fintracker-recheck-probes-av69g7lc/src/fintracker/application/intelligence/schedule.py:198: in handle_run_analysis
    outcome = await run_analysis(
/var/folders/gp/36jzrv8s3nv8hhml14b9k9740000gq/T/fintracker-recheck-probes-av69g7lc/src/fintracker/application/intelligence/analysis.py:526: in run_analysis
    await uow.emit(
/var/folders/gp/36jzrv8s3nv8hhml14b9k9740000gq/T/fintracker-recheck-probes-av69g7lc/src/fintracker/db/uow.py:209: in emit
    await self.session.execute(
/var/folders/gp/36jzrv8s3nv8hhml14b9k9740000gq/T/fintracker-recheck-probes-av69g7lc/.venv/lib/python3.13/site-packages/sqlalchemy/ext/asyncio/session.py:448: in execute
    result = await greenlet_spawn(
/var/folders/gp/36jzrv8s3nv8hhml14b9k9740000gq/T/fintracker-recheck-probes-av69g7lc/.venv/lib/python3.13/site-packages/sqlalchemy/util/_concurrency_py3k.py:203: in greenlet_spawn
    result = context.switch(value)
             ^^^^^^^^^^^^^^^^^^^^^
/var/folders/gp/36jzrv8s3nv8hhml14b9k9740000gq/T/fintracker-recheck-probes-av69g7lc/.venv/lib/python3.13/site-packages/sqlalchemy/orm/session.py:2373: in execute
    return self._execute_internal(
/var/folders/gp/36jzrv8s3nv8hhml14b9k9740000gq/T/fintracker-recheck-probes-av69g7lc/.venv/lib/python3.13/site-packages/sqlalchemy/orm/session.py:2271: in _execute_internal
    result: Result[Any] = compile_state_cls.orm_execute_statement(
/var/folders/gp/36jzrv8s3nv8hhml14b9k9740000gq/T/fintracker-recheck-probes-av69g7lc/.venv/lib/python3.13/site-packages/sqlalchemy/orm/bulk_persistence.py:1676: in orm_execute_statement
    return super().orm_execute_statement(
/var/folders/gp/36jzrv8s3nv8hhml14b9k9740000gq/T/fintracker-recheck-probes-av69g7lc/.venv/lib/python3.13/site-packages/sqlalchemy/orm/context.py:306: in orm_execute_statement
    result = conn.execute(
/var/folders/gp/36jzrv8s3nv8hhml14b9k9740000gq/T/fintracker-recheck-probes-av69g7lc/.venv/lib/python3.13/site-packages/sqlalchemy/engine/base.py:1421: in execute
    return meth(
/var/folders/gp/36jzrv8s3nv8hhml14b9k9740000gq/T/fintracker-recheck-probes-av69g7lc/.venv/lib/python3.13/site-packages/sqlalchemy/sql/elements.py:526: in _execute_on_connection
    return connection._execute_clauseelement(
/var/folders/gp/36jzrv8s3nv8hhml14b9k9740000gq/T/fintracker-recheck-probes-av69g7lc/.venv/lib/python3.13/site-packages/sqlalchemy/engine/base.py:1643: in _execute_clauseelement
    ret = self._execute_context(
/var/folders/gp/36jzrv8s3nv8hhml14b9k9740000gq/T/fintracker-recheck-probes-av69g7lc/.venv/lib/python3.13/site-packages/sqlalchemy/engine/base.py:1848: in _execute_context
    return self._exec_single_context(
/var/folders/gp/36jzrv8s3nv8hhml14b9k9740000gq/T/fintracker-recheck-probes-av69g7lc/.venv/lib/python3.13/site-packages/sqlalchemy/engine/base.py:1988: in _exec_single_context
    self._handle_dbapi_exception(
/var/folders/gp/36jzrv8s3nv8hhml14b9k9740000gq/T/fintracker-recheck-probes-av69g7lc/.venv/lib/python3.13/site-packages/sqlalchemy/engine/base.py:2365: in _handle_dbapi_exception
    raise sqlalchemy_exception.with_traceback(exc_info[2]) from e
/var/folders/gp/36jzrv8s3nv8hhml14b9k9740000gq/T/fintracker-recheck-probes-av69g7lc/.venv/lib/python3.13/site-packages/sqlalchemy/engine/base.py:1969: in _exec_single_context
    self.dialect.do_execute(
/var/folders/gp/36jzrv8s3nv8hhml14b9k9740000gq/T/fintracker-recheck-probes-av69g7lc/.venv/lib/python3.13/site-packages/sqlalchemy/engine/default.py:952: in do_execute
    cursor.execute(statement, parameters)
/var/folders/gp/36jzrv8s3nv8hhml14b9k9740000gq/T/fintracker-recheck-probes-av69g7lc/.venv/lib/python3.13/site-packages/sqlalchemy/dialects/postgresql/psycopg.py:642: in execute
    result = self.await_(self._cursor.execute(query, params, **kw))
             ^^^^^^^^^^^^^^^^^^^^^^^^^^^^^^^^^^^^^^^^^^^^^^^^^^^^^^
/var/folders/gp/36jzrv8s3nv8hhml14b9k9740000gq/T/fintracker-recheck-probes-av69g7lc/.venv/lib/python3.13/site-packages/sqlalchemy/util/_concurrency_py3k.py:132: in await_only
    return current.parent.switch(awaitable)  # type: ignore[no-any-return,attr-defined] # noqa: E501
           ^^^^^^^^^^^^^^^^^^^^^^^^^^^^^^^^
/var/folders/gp/36jzrv8s3nv8hhml14b9k9740000gq/T/fintracker-recheck-probes-av69g7lc/.venv/lib/python3.13/site-packages/sqlalchemy/util/_concurrency_py3k.py:196: in greenlet_spawn
    value = await result
            ^^^^^^^^^^^^
/var/folders/gp/36jzrv8s3nv8hhml14b9k9740000gq/T/fintracker-recheck-probes-av69g7lc/.venv/lib/python3.13/site-packages/psycopg/cursor_async.py:117: in execute
    raise ex.with_traceback(None)
E   sqlalchemy.exc.InternalError: (psycopg.errors.IdleInTransactionSessionTimeout) terminating connection due to idle-in-transaction timeout
E   [SQL: UPDATE workspaces SET event_seq=(workspaces.event_seq + %(event_seq_1)s::BIGINT) WHERE workspaces.id = %(id_1)s::UUID RETURNING workspaces.event_seq]
E   [parameters: {'event_seq_1': 1, 'id_1': UUID('33868bad-ce08-46b4-9dc8-52c550837b8d')}]
E   (Background on this error at: https://sqlalche.me/e/20/2j85)
_____________ test_deferred_reply_is_not_sent_after_member_removal _____________
tests/integration/test_recheck_adversarial.py:181: in test_deferred_reply_is_not_sent_after_member_removal
    assert not delivered.sent, "Deferred private financial history delivered after completed membership revocation"
E   AssertionError: Deferred private financial history delivered after completed membership revocation
E   assert not [{'buttons': [[{'callback_data': 'tx:open:f20016c1420a41f4', 'text': 'Запись 1'}], [{'callback_data': 'hist:filters:-:..., 'text': 'Фильтры: без ограничений · по дате операции\nЗаписи 1–1 из 1:\n12 сентября — 98\xa0765,00\xa0₽ · Продукты'}]
E    +  where [{'buttons': [[{'callback_data': 'tx:open:f20016c1420a41f4', 'text': 'Запись 1'}], [{'callback_data': 'hist:filters:-:..., 'text': 'Фильтры: без ограничений · по дате операции\nЗаписи 1–1 из 1:\n12 сентября — 98\xa0765,00\xa0₽ · Продукты'}] = RecordingSender(sent=[{'chat_id': 880099991, 'text': 'Фильтры: без ограничений · по дате операции\nЗаписи 1–1 из 1:\n1...back_data': 'menu:main'}]]}], documents=[], fail_for_chats=set(), blocked_chats=set(), unknown_chats=set(), _next_id=2).sent
----------------------------- Captured stdout call -----------------------------
2026-09-13 21:48:08 [info     ] inbound_accepted               correlation_id=0693470d4ab54a43b920945faad6dd49 event_type=message has_workspace=True update_id=101
2026-09-13 21:48:08 [warning  ] reply_immediate_failed         chat_id=880099991 error='temporary failure'
2026-09-13 21:48:08 [warning  ] reply_deferred_to_delivery_job event_id=758a5e09-b50e-49ca-8c74-cee6455ba9fa
2026-09-13 21:48:08 [info     ] inbound_processed              event_id=758a5e09-b50e-49ca-8c74-cee6455ba9fa processed_at=2026-09-13T14:48:08.411237+00:00 replies=1
2026-09-13 21:48:08 [info     ] security_change_completed      acl_revision=2 kind=member_remove operation_id=4db90a00-de72-45d9-9691-d82b8179cabb
________________ test_runtime_retention_deletes_expired_receipt ________________
tests/integration/test_recheck_adversarial.py:205: in test_runtime_retention_deletes_expired_receipt
    assert row is None or row.state == "deleted", "Global retention still cannot see expired receipt under RLS"
E   AssertionError: Global retention still cannot see expired receipt under RLS
E   assert (<fintracker.db.models.platform.Attachment object at 0x10d7b4410> is None or 'ready' == 'deleted'
E     
E     - deleted
E     + ready)
___________________ test_budget_purge_also_removes_receipts ____________________
tests/integration/test_recheck_adversarial.py:222: in test_budget_purge_also_removes_receipts
    assert row is None or row.state == "deleted", "Workspace marked purged while receipt metadata/object remain"
E   AssertionError: Workspace marked purged while receipt metadata/object remain
E   assert (<fintracker.db.models.platform.Attachment object at 0x10cfd22c0> is None or 'ready' == 'deleted'
E     
E     - deleted
E     + ready)
----------------------------- Captured stdout call -----------------------------
2026-09-13 21:48:08 [info     ] security_change_completed      acl_revision=2 kind=workspace_delete operation_id=13bad7ee-7bac-48ba-b930-98fec52e6f58
2026-09-13 21:48:08 [info     ] workspace_deleted              workspace_id=3f79fd41-74da-4c6f-b66f-08c74dde315e
2026-09-13 21:48:09 [info     ] workspace_purged               removed_rows=20 workspace_id=3f79fd41-74da-4c6f-b66f-08c74dde315e
2026-09-13 21:48:09 [info     ] retention_sweep                attachments=0 draft_sources=0 expired_drafts=0 exports=0 finished_jobs=0 inbound_payloads=0 purged_workspaces=1 staging_attachments=0 stale_deliveries=0
_________________ test_restore_replays_deleted_workspace_state _________________
tests/integration/test_recheck_adversarial.py:235: in test_restore_replays_deleted_workspace_state
    assert row.state in ("deleting", "deleted"), "Committed deletion state is omitted from ACL replay"
E   AssertionError: Committed deletion state is omitted from ACL replay
E   assert 'active' in ('deleting', 'deleted')
E    +  where 'active' = <fintracker.db.models.access.Workspace object at 0x10d464750>.state
----------------------------- Captured stdout call -----------------------------
2026-09-13 21:48:09 [info     ] security_change_completed      acl_revision=2 kind=workspace_delete operation_id=947feec6-b6ed-4ec5-be07-d5412d6bf129
2026-09-13 21:48:09 [info     ] workspace_deleted              workspace_id=5f8db3ea-83c8-484b-95b5-6e2117b92bee
2026-09-13 21:48:09 [warning  ] restored_acl_replayed          database_revision=2 journal_revision=2 workspace_id=5f8db3ea-83c8-484b-95b5-6e2117b92bee
______________ test_rejected_security_change_does_not_leave_fence ______________
tests/integration/test_recheck_adversarial.py:245: in test_rejected_security_change_does_not_leave_fence
    assert fence is None, "Expected command rejection still leaves SecurityChange fenced outside delete precheck"
E   AssertionError: Expected command rejection still leaves SecurityChange fenced outside delete precheck
E   assert UUID('721a1095-926d-4946-bea4-88c07ca81f01') is None
_____________________ test_expired_lease_cannot_be_renewed _____________________
tests/integration/test_recheck_adversarial.py:254: in test_expired_lease_cannot_be_renewed
    assert not await queue.renew_lease(test_settings, job), "Expired lease is renewed without checking its deadline"
E   AssertionError: Expired lease is renewed without checking its deadline
E   assert not True
----------------------------- Captured stdout call -----------------------------
2026-09-13 21:48:09 [info     ] inbound_accepted               correlation_id=2ffbc824e6a04b05a81c20fb44120e3e event_type=message has_workspace=True update_id=101
________________ test_restored_refund_counts_in_remaining_limit ________________
tests/integration/test_recheck_adversarial.py:267: in test_restored_refund_counts_in_remaining_limit
    assert sum(p.refundable_minor for p in remaining) == 0, "Restored refund remains cancelled in TransactionLink, leaving full refund limit available"
E   AssertionError: Restored refund remains cancelled in TransactionLink, leaving full refund limit available
E   assert 100000 == 0
E    +  where 100000 = sum(<generator object test_restored_refund_counts_in_remaining_limit.<locals>.<genexpr> at 0x10d654ac0>)
___________________ test_xlsx_message_reaches_import_handler ___________________
tests/integration/test_recheck_adversarial.py:287: in test_xlsx_message_reaches_import_handler
    assert reached, "XLSX never reaches import handler: " + " | ".join(r.text for r in replies)
E   AssertionError: XLSX never reaches import handler: Формат application/vnd.openxmlformats-officedocument.spreadsheetml.sheet пока не поддерживается. Поддерживаются JPEG, PNG и WebP. Исходное сообщение сохранено.
E   assert False
___________ test_invite_expiring_after_preview_does_not_fence_budget ___________
tests/integration/test_recheck_adversarial.py:315: in test_invite_expiring_after_preview_does_not_fence_budget
    assert fence is None, "Invite expiration after preview leaves the entire budget fenced"
E   AssertionError: Invite expiration after preview leaves the entire budget fenced
E   assert UUID('c8892a02-0381-455a-9de6-9e990cfcc2a2') is None
----------------------------- Captured stdout call -----------------------------
2026-09-13 21:48:10 [info     ] invite_issued                  invite_id=411cd383-b8d8-4225-a57d-36c7db4285f0 workspace_id=1929e7fe-d363-4314-8089-5ec9ac4af1a6
- generated xml file: /Users/Bayramov_N/Desktop/Other/financial-tracker/.planning/audits/2026-09-13-recheck-a63cxl89/verified-recheck-junit.xml -
=========================== short test summary info ============================
FAILED tests/integration/test_recheck_adversarial.py::test_lease_lost_during_command_cannot_commit
FAILED tests/integration/test_recheck_adversarial.py::test_same_event_concurrently_creates_one_expense
FAILED tests/integration/test_recheck_adversarial.py::test_edited_message_does_not_add_second_expense
FAILED tests/integration/test_recheck_adversarial.py::test_restoring_old_refund_cannot_exceed_purchase
FAILED tests/integration/test_recheck_adversarial.py::test_new_budget_has_default_weekly_analysis
FAILED tests/integration/test_recheck_adversarial.py::test_background_slow_ai_does_not_break_transaction
FAILED tests/integration/test_recheck_adversarial.py::test_deferred_reply_is_not_sent_after_member_removal
FAILED tests/integration/test_recheck_adversarial.py::test_runtime_retention_deletes_expired_receipt
FAILED tests/integration/test_recheck_adversarial.py::test_budget_purge_also_removes_receipts
FAILED tests/integration/test_recheck_adversarial.py::test_restore_replays_deleted_workspace_state
FAILED tests/integration/test_recheck_adversarial.py::test_rejected_security_change_does_not_leave_fence
FAILED tests/integration/test_recheck_adversarial.py::test_expired_lease_cannot_be_renewed
FAILED tests/integration/test_recheck_adversarial.py::test_restored_refund_counts_in_remaining_limit
FAILED tests/integration/test_recheck_adversarial.py::test_xlsx_message_reaches_import_handler
FAILED tests/integration/test_recheck_adversarial.py::test_invite_expiring_after_preview_does_not_fence_budget
15 failed, 21 passed in 34.75s
