#0 building with "desktop-linux" instance using docker driver

#1 [internal] load build definition from Dockerfile
#1 transferring dockerfile: 3.72kB done
#1 DONE 0.0s

#2 [internal] load metadata for docker.io/library/python:3.13-slim
#2 DONE 0.3s

#3 [internal] load .dockerignore
#3 transferring context: 2B done
#3 DONE 0.0s

#4 [builder 1/8] FROM docker.io/library/python:3.13-slim@sha256:9d2e5553305c7c7b0097999bb17187c69b921ccd6bc9d40e4bb5ebe652c00285
#4 resolve docker.io/library/python:3.13-slim@sha256:9d2e5553305c7c7b0097999bb17187c69b921ccd6bc9d40e4bb5ebe652c00285 done
#4 DONE 0.0s

#5 [internal] load build context
#5 transferring context: 844.63kB 0.0s done
#5 DONE 0.0s

#6 [builder 2/8] RUN pip install --no-cache-dir "uv>=0.5,<0.9"
#6 CACHED

#7 [builder 3/8] WORKDIR /build
#7 CACHED

#8 [builder 4/8] COPY pyproject.toml uv.lock ./
#8 CACHED

#9 [builder 5/8] RUN uv sync --frozen --no-dev --no-install-project --no-editable
#9 CACHED

#10 [builder 6/8] COPY src ./src
#10 DONE 0.1s

#11 [builder 7/8] COPY README.md alembic.ini ./
#11 DONE 0.0s

#12 [builder 8/8] RUN uv sync --frozen --no-dev --no-editable
#12 0.322    Building fintracker @ file:///build
#12 2.912       Built fintracker @ file:///build
#12 2.920 Prepared 1 package in 2.60s
#12 2.930 Installed 1 package in 9ms
#12 3.122 Bytecode compiled 2284 files in 192ms
#12 3.122  + fintracker==0.1.0 (from file:///build)
#12 DONE 3.2s

#13 [runtime 2/5] RUN useradd --system --create-home --uid 10001 fintracker
#13 CACHED

#14 [runtime 3/5] COPY --from=builder /opt/venv /opt/venv
#14 DONE 0.4s

#15 [runtime 4/5] RUN mkdir -p /var/lib/fintracker/objects /var/lib/fintracker/security-log     && chown -R fintracker:fintracker /var/lib/fintracker
#15 DONE 0.1s

#16 [runtime 5/5] WORKDIR /app
#16 DONE 0.0s

#17 exporting to image
#17 exporting layers
#17 exporting layers 2.8s done
#17 exporting manifest sha256:134ce7607c28ab9f38e4f6306bc1db485df2aaf2fafb7fc5265adf59de07cab8
#17 exporting manifest sha256:134ce7607c28ab9f38e4f6306bc1db485df2aaf2fafb7fc5265adf59de07cab8 done
#17 exporting config sha256:599e2ce7d31530101f4345f93a7a7b99a18f31fa691f2ea611a0a3b5389d7405 done
#17 exporting attestation manifest sha256:87f92152aa4382a63554d11690c7b6d288bc48a73bc627ac295dd5af5108f828 0.0s done
#17 exporting manifest list sha256:b54174e7ad2db8eecee217f62ae41849e6d174ccf58efaaab3bcaa24e400db08 done
#17 naming to docker.io/library/fintracker:recheck-597029c done
#17 unpacking to docker.io/library/fintracker:recheck-597029c
#17 unpacking to docker.io/library/fintracker:recheck-597029c 0.6s done
#17 DONE 3.5s
