FFFFFFFFF.F                                                              [100%]
=================================== FAILURES ===================================
________________ test_both_concurrent_executors_return_a_result ________________
tests/integration/test_verification3_cases.py:72: in test_both_concurrent_executors_return_a_result
    assert not failures, f"One expense exists, but the second executor crashes: {failures}"
E   AssertionError: One expense exists, but the second executor crashes: ["InvalidRequestError: Can't operate on closed transaction inside context manager.  Please complete the context manager before emitting further commands."]
E   assert not ["InvalidRequestError: Can't operate on closed transaction inside context manager.  Please complete the context manager before emitting further commands."]
___________________ test_immediate_reply_rechecks_revocation ___________________
tests/integration/test_verification3_cases.py:110: in test_immediate_reply_rechecks_revocation
    assert not exposed, "Immediate path sends rendered financial history after remove_member has completed"
E   AssertionError: Immediate path sends rendered financial history after remove_member has completed
E   assert not [{'buttons': [[{'callback_data': 'tx:open:1b0f841eeac84e01', 'text': 'Запись 1'}], [{'callback_data': 'hist:filters:-:..., 'text': 'Фильтры: без ограничений · по дате операции\nЗаписи 1–1 из 1:\n12 сентября — 98\xa0765,00\xa0₽ · Продукты'}]
----------------------------- Captured stdout call -----------------------------
2026-09-14 01:26:49 [info     ] inbound_accepted               correlation_id=566457a1027442c88d787ca8ae871042 event_type=message has_workspace=True update_id=101
2026-09-14 01:26:49 [info     ] security_change_completed      acl_revision=2 kind=member_remove operation_id=30ebbba0-3c00-4910-8725-6f18c9c1ff00
2026-09-14 01:26:49 [info     ] inbound_processed              event_id=4cdde3df-dd1e-4e73-a245-c0593ab6c3c3 processed_at=2026-09-13T18:26:49.367076+00:00 replies=1
________________ test_expired_lease_cannot_send_deferred_reply _________________
tests/integration/test_verification3_cases.py:128: in test_expired_lease_cannot_send_deferred_reply
    assert not sender.sent, "Execution fence is installed, but deferred delivery never checks it"
E   AssertionError: Execution fence is installed, but deferred delivery never checks it
E   assert not [{'buttons': [[{'callback_data': 'tx:open:cf29aaafe0e84784', 'text': 'Запись 1'}], [{'callback_data': 'hist:filters:-:..., 'text': 'Фильтры: без ограничений · по дате операции\nЗаписи 1–1 из 1:\n12 сентября — 98\xa0765,00\xa0₽ · Продукты'}]
E    +  where [{'buttons': [[{'callback_data': 'tx:open:cf29aaafe0e84784', 'text': 'Запись 1'}], [{'callback_data': 'hist:filters:-:..., 'text': 'Фильтры: без ограничений · по дате операции\nЗаписи 1–1 из 1:\n12 сентября — 98\xa0765,00\xa0₽ · Продукты'}] = RecordingSender(sent=[{'chat_id': 880099881, 'text': 'Фильтры: без ограничений · по дате операции\nЗаписи 1–1 из 1:\n1...back_data': 'menu:main'}]]}], documents=[], fail_for_chats=set(), blocked_chats=set(), unknown_chats=set(), _next_id=2).sent
----------------------------- Captured stdout call -----------------------------
2026-09-14 01:26:49 [info     ] inbound_accepted               correlation_id=2185ff2a1d464c4c8097165dbd5e9561 event_type=message has_workspace=True update_id=101
2026-09-14 01:26:49 [warning  ] reply_immediate_failed         chat_id=880099881 error='temporary failure'
2026-09-14 01:26:49 [warning  ] reply_deferred_to_delivery_job event_id=b98249d9-d8f7-4d9e-9c9c-da79713244ec
2026-09-14 01:26:49 [info     ] inbound_processed              event_id=b98249d9-d8f7-4d9e-9c9c-da79713244ec processed_at=2026-09-13T18:26:49.639426+00:00 replies=1
_______________ test_analysis_resumes_after_process_interruption _______________
tests/integration/test_verification3_cases.py:151: in test_analysis_resumes_after_process_interruption
    assert result.status in {"succeeded", "fallback"}, (
E   AssertionError: Retry returns 'running'; persisted running analysis is never resumed
E   assert 'running' in {'fallback', 'succeeded'}
E    +  where 'running' = AnalysisOutcome(run_id=UUID('09a7287f-b552-418c-b497-f09cdedeb46a'), status='running', summary='', recommendations=(), abstained_reason=None, fallback_used=False).status
_____________ test_analysis_rechecks_authority_after_model[lease] ______________
tests/integration/test_verification3_cases.py:190: in test_analysis_rechecks_authority_after_model
    assert status != "succeeded" and events == 0, (
E   AssertionError: After lease invalidation, result was accepted: status=succeeded, completion events=2
E   assert ('succeeded' != 'succeeded')
----------------------------- Captured stdout call -----------------------------
2026-09-14 01:26:50 [info     ] analysis_completed             cards=0 run_kind=weekly_review status=succeeded workspace_id=e1c12567-b814-42d2-a733-d73cc2c6f120
___________ test_analysis_rechecks_authority_after_model[quarantine] ___________
tests/integration/test_verification3_cases.py:190: in test_analysis_rechecks_authority_after_model
    assert status != "succeeded" and events == 0, (
E   AssertionError: After quarantine invalidation, result was accepted: status=succeeded, completion events=2
E   assert ('succeeded' != 'succeeded')
----------------------------- Captured stdout call -----------------------------
2026-09-14 01:26:50 [info     ] analysis_completed             cards=0 run_kind=weekly_review status=succeeded workspace_id=d6aecc6e-f299-45ca-b3ae-56dd0dc7958c
__________________ test_repeated_photo_event_reuses_its_draft __________________
tests/integration/test_verification3_cases.py:231: in test_repeated_photo_event_reuses_its_draft
    assert count == 1 and len(drafts) == 1, (
E   AssertionError: One retried photo event made 2 cards and 2 expenses; source keys=[None, None]
E   assert (2 == 1)
----------------------------- Captured stdout call -----------------------------
2026-09-14 01:26:50 [info     ] inbound_accepted               correlation_id=4ca029e3e47b4f1e948c607ba8246ea2 event_type=message has_workspace=True update_id=101
2026-09-14 01:26:50 [info     ] inbound_processed              event_id=ab81aaba-b808-4d35-96a8-c0eb4e4b95a4 processed_at=2026-09-13T18:26:50.796014+00:00 replies=1
_____________ test_downgrade_keeps_previous_purge_function_usable ______________
tests/integration/test_verification3_cases.py:260: in test_downgrade_keeps_previous_purge_function_usable
    assert failure is None, f"Downgrade succeeds but previous application purge is broken: {failure}"
E   AssertionError: Downgrade succeeds but previous application purge is broken: ProgrammingError: (psycopg.errors.UndefinedTable) relation "author_replies" does not exist
E     LINE 1: DELETE FROM author_replies WHERE workspace_id = $1
E                         ^
E     QUERY:  DELETE FROM author_replies WHERE workspace_id = $1
E     CONTEXT:  PL/pgSQL function purge_workspace_data(uuid) line 38 at EXECUTE
E     [SQL: SELECT purge_workspace_data(%(id)s)]
E     [parameters: {'id': UUID('96ea5712-945a-4bdb-9e80-03191db17175')}]
E     (Background on this error at: https://sqlalche.me/e/20/f405)
E   assert 'ProgrammingError: (psycopg.errors.UndefinedTable) relation "author_replies" does not exist\nLINE 1: DELETE FROM autho...\'id\': UUID(\'96ea5712-945a-4bdb-9e80-03191db17175\')}]\n(Background on this error at: https://sqlalche.me/e/20/f405)' is None
____________ test_api_start_does_not_require_migration_credentials _____________
tests/integration/test_verification3_cases.py:281: in test_api_start_does_not_require_migration_credentials
    assert failure is None, f"API startup requires the forbidden migration connection: {failure}"
E   AssertionError: API startup requires the forbidden migration connection: OperationalError: (psycopg.OperationalError) connection failed: connection to server at "127.0.0.1", port 1 failed: could not receive data from server: Connection refused
E     (Background on this error at: https://sqlalche.me/e/20/e3q8)
E   assert 'OperationalError: (psycopg.OperationalError) connection failed: connection to server at "127.0.0.1", port 1 failed: could not receive data from server: Connection refused\n(Background on this error at: https://sqlalche.me/e/20/e3q8)' is None
______________ test_successful_summary_emits_one_completion_event ______________
tests/integration/test_verification3_cases.py:329: in test_successful_summary_emits_one_completion_event
    assert len(events) == 1, f"A single successful model summary emitted {len(events)} completion events"
E   AssertionError: A single successful model summary emitted 2 completion events
E   assert 2 == 1
E    +  where 2 = len([<fintracker.db.models.platform.OutboxEvent object at 0x10ca16510>, <fintracker.db.models.platform.OutboxEvent object at 0x10ca16390>])
----------------------------- Captured stderr call -----------------------------
{"workspace_id": "9f7d7a68-4a96-41fe-afb0-7fa7b083d190", "run_kind": "weekly_review", "status": "succeeded", "cards": 0, "event": "analysis_completed", "level": "info", "timestamp": "2026-09-13T18:26:53.721479Z"}
- generated xml file: /Users/Bayramov_N/Desktop/Other/financial-tracker/.planning/audits/2026-09-14-verification-enqwqlik/verified-expanded-junit.xml -
=========================== short test summary info ============================
FAILED tests/integration/test_verification3_cases.py::test_both_concurrent_executors_return_a_result
FAILED tests/integration/test_verification3_cases.py::test_immediate_reply_rechecks_revocation
FAILED tests/integration/test_verification3_cases.py::test_expired_lease_cannot_send_deferred_reply
FAILED tests/integration/test_verification3_cases.py::test_analysis_resumes_after_process_interruption
FAILED tests/integration/test_verification3_cases.py::test_analysis_rechecks_authority_after_model[lease]
FAILED tests/integration/test_verification3_cases.py::test_analysis_rechecks_authority_after_model[quarantine]
FAILED tests/integration/test_verification3_cases.py::test_repeated_photo_event_reuses_its_draft
FAILED tests/integration/test_verification3_cases.py::test_downgrade_keeps_previous_purge_function_usable
FAILED tests/integration/test_verification3_cases.py::test_api_start_does_not_require_migration_credentials
FAILED tests/integration/test_verification3_cases.py::test_successful_summary_emits_one_completion_event
10 failed, 1 passed in 6.97s
